{"level":"info","message":"Environment variable HOST not found","service":"user-service","timestamp":"2025-10-06 20:13:44"}
{"level":"info","message":"Environment variable AUTH_EMAIL not found","service":"user-service","timestamp":"2025-10-06 20:13:44"}
{"level":"info","message":"Environment variable AUTH_PASSWORD not found","service":"user-service","timestamp":"2025-10-06 20:13:44"}
{"level":"warn","message":"Email configuration incomplete, email functionality disabled","service":"user-service","timestamp":"2025-10-06 20:13:44"}
{"level":"info","message":"Environment variable AUTH_EMAIL not found","service":"user-service","timestamp":"2025-10-06 20:13:44"}
{"level":"info","message":"Initializing scheduler server...","service":"user-service","timestamp":"2025-10-06 20:13:58"}
{"level":"info","message":"Scheduled weekly report job with cron: 0 8 * * 0","service":"user-service","timestamp":"2025-10-06 20:13:58"}
{"level":"info","message":"Scheduled monthly report job with cron: 0 7 1 * *","service":"user-service","timestamp":"2025-10-06 20:13:58"}
{"level":"info","message":"Daily job not scheduled (SCHEDULE_DAILY environment variable not set to true)","service":"user-service","timestamp":"2025-10-06 20:13:58"}
{"level":"info","message":"Hourly job not scheduled (SCHEDULE_HOURLY environment variable not set to true)","service":"user-service","timestamp":"2025-10-06 20:13:58"}
{"level":"info","message":"Scheduler server initialized successfully","service":"user-service","timestamp":"2025-10-06 20:13:58"}
{"level":"info","message":"Server is running on http://localhost:5000","service":"user-service","timestamp":"2025-10-06 20:13:58"}
{"level":"info","message":"Environment variable HOST not found","service":"user-service","timestamp":"2025-10-06 20:14:06"}
{"level":"info","message":"Environment variable AUTH_EMAIL not found","service":"user-service","timestamp":"2025-10-06 20:14:06"}
{"level":"info","message":"Environment variable AUTH_PASSWORD not found","service":"user-service","timestamp":"2025-10-06 20:14:06"}
{"level":"warn","message":"Email configuration incomplete, email functionality disabled","service":"user-service","timestamp":"2025-10-06 20:14:06"}
{"level":"info","message":"Environment variable AUTH_EMAIL not found","service":"user-service","timestamp":"2025-10-06 20:14:06"}
{"level":"info","message":"Initializing scheduler server...","service":"user-service","timestamp":"2025-10-06 20:14:11"}
{"level":"info","message":"Scheduled weekly report job with cron: 0 8 * * 0","service":"user-service","timestamp":"2025-10-06 20:14:11"}
{"level":"info","message":"Scheduled monthly report job with cron: 0 7 1 * *","service":"user-service","timestamp":"2025-10-06 20:14:11"}
{"level":"info","message":"Daily job not scheduled (SCHEDULE_DAILY environment variable not set to true)","service":"user-service","timestamp":"2025-10-06 20:14:11"}
{"level":"info","message":"Hourly job not scheduled (SCHEDULE_HOURLY environment variable not set to true)","service":"user-service","timestamp":"2025-10-06 20:14:11"}
{"level":"info","message":"Scheduler server initialized successfully","service":"user-service","timestamp":"2025-10-06 20:14:11"}
{"level":"info","message":"Server is running on http://localhost:5800","service":"user-service","timestamp":"2025-10-06 20:14:11"}
{"level":"info","message":"Environment variable HOST not found","service":"user-service","timestamp":"2025-10-06 20:14:30"}
{"level":"info","message":"Environment variable AUTH_EMAIL not found","service":"user-service","timestamp":"2025-10-06 20:14:30"}
{"level":"info","message":"Environment variable AUTH_PASSWORD not found","service":"user-service","timestamp":"2025-10-06 20:14:30"}
{"level":"warn","message":"Email configuration incomplete, email functionality disabled","service":"user-service","timestamp":"2025-10-06 20:14:30"}
{"level":"info","message":"Environment variable AUTH_EMAIL not found","service":"user-service","timestamp":"2025-10-06 20:14:30"}
{"level":"info","message":"Initializing scheduler server...","service":"user-service","timestamp":"2025-10-06 20:14:40"}
{"level":"info","message":"Scheduled weekly report job with cron: 0 8 * * 0","service":"user-service","timestamp":"2025-10-06 20:14:40"}
{"level":"info","message":"Scheduled monthly report job with cron: 0 7 1 * *","service":"user-service","timestamp":"2025-10-06 20:14:40"}
{"level":"info","message":"Daily job not scheduled (SCHEDULE_DAILY environment variable not set to true)","service":"user-service","timestamp":"2025-10-06 20:14:40"}
{"level":"info","message":"Hourly job not scheduled (SCHEDULE_HOURLY environment variable not set to true)","service":"user-service","timestamp":"2025-10-06 20:14:40"}
{"level":"info","message":"Scheduler server initialized successfully","service":"user-service","timestamp":"2025-10-06 20:14:40"}
{"level":"info","message":"Server is running on http://localhost:5800","service":"user-service","timestamp":"2025-10-06 20:14:40"}
{"level":"error","message":"Error while connecting to DB: connect ECONNREFUSED 127.0.0.1:27017","service":"user-service","timestamp":"2025-10-06 20:15:10"}
{"level":"info","message":"Environment variable HOST not found","service":"user-service","timestamp":"2025-10-06 20:22:15"}
{"level":"info","message":"Environment variable AUTH_EMAIL not found","service":"user-service","timestamp":"2025-10-06 20:22:15"}
{"level":"info","message":"Environment variable AUTH_PASSWORD not found","service":"user-service","timestamp":"2025-10-06 20:22:15"}
{"level":"warn","message":"Email configuration incomplete, email functionality disabled","service":"user-service","timestamp":"2025-10-06 20:22:15"}
{"level":"info","message":"Environment variable AUTH_EMAIL not found","service":"user-service","timestamp":"2025-10-06 20:22:16"}
{"level":"info","message":"Initializing scheduler server...","service":"user-service","timestamp":"2025-10-06 20:22:27"}
{"level":"info","message":"Scheduled weekly report job with cron: 0 8 * * 0","service":"user-service","timestamp":"2025-10-06 20:22:28"}
{"level":"info","message":"Scheduled monthly report job with cron: 0 7 1 * *","service":"user-service","timestamp":"2025-10-06 20:22:28"}
{"level":"info","message":"Daily job not scheduled (SCHEDULE_DAILY environment variable not set to true)","service":"user-service","timestamp":"2025-10-06 20:22:28"}
{"level":"info","message":"Hourly job not scheduled (SCHEDULE_HOURLY environment variable not set to true)","service":"user-service","timestamp":"2025-10-06 20:22:28"}
{"level":"info","message":"Scheduler server initialized successfully","service":"user-service","timestamp":"2025-10-06 20:22:28"}
{"level":"warn","message":"MONGO_URI not provided, running without database connection","service":"user-service","timestamp":"2025-10-06 20:22:28"}
{"level":"info","message":"Server is running on http://localhost:5800","service":"user-service","timestamp":"2025-10-06 20:22:28"}
{"level":"warn","message":"Running without database connection","service":"user-service","timestamp":"2025-10-06 20:22:28"}
{"level":"info","message":"Environment variable HOST not found","service":"user-service","timestamp":"2025-10-06 20:50:19"}
{"level":"info","message":"Environment variable AUTH_EMAIL not found","service":"user-service","timestamp":"2025-10-06 20:50:19"}
{"level":"info","message":"Environment variable AUTH_PASSWORD not found","service":"user-service","timestamp":"2025-10-06 20:50:19"}
{"level":"warn","message":"Email configuration incomplete, email functionality disabled","service":"user-service","timestamp":"2025-10-06 20:50:19"}
{"level":"info","message":"Environment variable AUTH_EMAIL not found","service":"user-service","timestamp":"2025-10-06 20:50:19"}
{"level":"info","message":"Initializing scheduler server...","service":"user-service","timestamp":"2025-10-06 20:50:32"}
{"level":"info","message":"Scheduled weekly report job with cron: 0 8 * * 0","service":"user-service","timestamp":"2025-10-06 20:50:33"}
{"level":"info","message":"Scheduled monthly report job with cron: 0 7 1 * *","service":"user-service","timestamp":"2025-10-06 20:50:33"}
{"level":"info","message":"Daily job not scheduled (SCHEDULE_DAILY environment variable not set to true)","service":"user-service","timestamp":"2025-10-06 20:50:33"}
{"level":"info","message":"Hourly job not scheduled (SCHEDULE_HOURLY environment variable not set to true)","service":"user-service","timestamp":"2025-10-06 20:50:33"}
{"level":"info","message":"Scheduler server initialized successfully","service":"user-service","timestamp":"2025-10-06 20:50:33"}
{"level":"warn","message":"MONGO_URI not provided, running without database connection","service":"user-service","timestamp":"2025-10-06 20:50:33"}
{"level":"info","message":"Server is running on http://localhost:5800","service":"user-service","timestamp":"2025-10-06 20:50:33"}
{"level":"warn","message":"Running without database connection","service":"user-service","timestamp":"2025-10-06 20:50:33"}
